
 Start  Stop   Length Name               Class

 00000H 033D5H 033D6H _TEXT              CODE
 033D6H 03861H 0048CH TEST_TEXT          CODE
 03862H 03937H 000D6H OS_CPU_A_TEXT      CODE
 03938H 03B0DH 001D6H OS_CPU_C_TEXT      CODE
 03B0EH 03E8AH 0037DH PC_TEXT            CODE
 03E8BH 07890H 03A06H UCOS_II_TEXT       CODE
 078A0H 0A016H 02777H EMU_PROG           CODE
 0A020H 0A5E7H 005C8H E87_PROG           CODE
 0A5F0H 0A5F0H 00000H _FARDATA           FAR_DATA
 0A5F0H 0A5F0H 00000H _FARBSS            FAR_BSS
 0A5F0H 0A5F0H 00000H _OVERLAY_          OVRINFO
 0A5F0H 0A5F0H 00000H _1STUB_            STUBSEG
 0A5F0H 0ACC3H 006D4H _DATA              DATA
 0ACC4H 0ACC7H 00004H _CVTSEG            DATA
 0ACC8H 0ACCDH 00006H _SCNSEG            DATA
 0ACCEH 0ACCEH 00000H _CONST             CONST
 0ACCEH 0ACDFH 00012H _INIT_             INITDATA
 0ACE0H 0ACE0H 00000H _INITEND_          INITDATA
 0ACE0H 0ACE5H 00006H _EXIT_             EXITDATA
 0ACE6H 0ACE6H 00000H _EXITEND_          EXITDATA
 0ACE6H 104B9H 057D4H _BSS               BSS
 104BAH 104BAH 00000H _BSSEND            BSSEND
 104C0H 105CFH 00110H _STACK             STACK


Detailed map of segments

 0000:0000 0295 C=CODE   S=_TEXT          G=(none)  M=c0.ASM     ACBP=28
 0000:0295 0258 C=CODE   S=_TEXT          G=(none)  M=FPINIT     ACBP=28
 0000:04ED 0000 C=CODE   S=_TEXT          G=(none)  M=E87TRAP    ACBP=28
 0000:04ED 0000 C=CODE   S=_TEXT          G=(none)  M=PROTFLAG   ACBP=28
 0000:04ED 0000 C=CODE   S=_TEXT          G=(none)  M=DEFLT87    ACBP=28
 0000:04ED 01BD C=CODE   S=_TEXT          G=(none)  M=REALCVT    ACBP=28
 0000:06AA 020C C=CODE   S=_TEXT          G=(none)  M=XCVT       ACBP=28
 0000:08B6 00B1 C=CODE   S=_TEXT          G=(none)  M=FPERR      ACBP=28
 0000:0967 00C9 C=CODE   S=_TEXT          G=(none)  M=_POW10     ACBP=28
 0000:0A30 000B C=CODE   S=_TEXT          G=(none)  M=POW10D     ACBP=28
 0000:0A3B 002D C=CODE   S=_TEXT          G=(none)  M=ATEXIT     ACBP=28
 0000:0A68 003D C=CODE   S=_TEXT          G=(none)  M=DOSFATTR   ACBP=28
 0000:0AA5 0093 C=CODE   S=_TEXT          G=(none)  M=EXIT       ACBP=28
 0000:0B38 0000 C=CODE   S=_TEXT          G=(none)  M=FILES      ACBP=28
 0000:0B38 0000 C=CODE   S=_TEXT          G=(none)  M=FILES2     ACBP=28
 0000:0B38 0000 C=CODE   S=_TEXT          G=(none)  M=FMODE      ACBP=28
 0000:0B38 0000 C=CODE   S=_TEXT          G=(none)  M=FPSTKLEN   ACBP=28
 0000:0B38 0017 C=CODE   S=_TEXT          G=(none)  M=F_LXMUL    ACBP=28
 0000:0B4F 0026 C=CODE   S=_TEXT          G=(none)  M=GETDATE    ACBP=28
 0000:0B75 00AE C=CODE   S=_TEXT          G=(none)  M=H_LDIV     ACBP=28
 0000:0C23 0021 C=CODE   S=_TEXT          G=(none)  M=H_LLSH     ACBP=28
 0000:0C44 0021 C=CODE   S=_TEXT          G=(none)  M=H_LURSH    ACBP=28
 0000:0C65 0060 C=CODE   S=_TEXT          G=(none)  M=H_PADD     ACBP=28
 0000:0CC5 004B C=CODE   S=_TEXT          G=(none)  M=IOERROR    ACBP=28
 0000:0D10 0011 C=CODE   S=_TEXT          G=(none)  M=ISATTY     ACBP=28
 0000:0D21 00A2 C=CODE   S=_TEXT          G=(none)  M=LONGTOA    ACBP=28
 0000:0DC3 0029 C=CODE   S=_TEXT          G=(none)  M=LSEEK      ACBP=28
 0000:0DEC 00B6 C=CODE   S=_TEXT          G=(none)  M=MKNAME     ACBP=28
 0000:0EA2 0021 C=CODE   S=_TEXT          G=(none)  M=N_PCMP     ACBP=28
 0000:0EC3 00BA C=CODE   S=_TEXT          G=(none)  M=SETUPIO    ACBP=28
 0000:0F7D 0000 C=CODE   S=_TEXT          G=(none)  M=SIGDATA    ACBP=28
 0000:0F7D 0000 C=CODE   S=_TEXT          G=(none)  M=STKLEN     ACBP=28
 0000:0F7D 0018 C=CODE   S=_TEXT          G=(none)  M=UNLINK     ACBP=28
 0000:0F95 04DB C=CODE   S=_TEXT          G=(none)  M=VPRINTER   ACBP=28
 0000:1470 009F C=CODE   S=_TEXT          G=(none)  M=VRAM       ACBP=28
 0000:150F 0000 C=CODE   S=_TEXT          G=(none)  M=WSCROLL    ACBP=28
 0000:150F 0034 C=CODE   S=_TEXT          G=(none)  M=_STPCPY    ACBP=28
 0000:1543 014E C=CODE   S=_TEXT          G=(none)  M=CPRINTF    ACBP=28
 0000:1691 01A5 C=CODE   S=_TEXT          G=(none)  M=CRTINIT    ACBP=28
 0000:1836 001F C=CODE   S=_TEXT          G=(none)  M=CVTFAK     ACBP=28
 0000:1855 0432 C=CODE   S=_TEXT          G=(none)  M=FARHEAP    ACBP=28
 0000:1C87 0140 C=CODE   S=_TEXT          G=(none)  M=FBRK       ACBP=28
 0000:1DC7 005E C=CODE   S=_TEXT          G=(none)  M=GETCH      ACBP=28
 0000:1E25 00AC C=CODE   S=_TEXT          G=(none)  M=GPTEXT     ACBP=28
 0000:1ED1 0029 C=CODE   S=_TEXT          G=(none)  M=IOCTL      ACBP=28
 0000:1EFA 0012 C=CODE   S=_TEXT          G=(none)  M=KBHIT      ACBP=28
 0000:1F0C 009D C=CODE   S=_TEXT          G=(none)  M=MOVETEXT   ACBP=28
 0000:1FA9 0017 C=CODE   S=_TEXT          G=(none)  M=PUTCH      ACBP=28
 0000:1FC0 0004 C=CODE   S=_TEXT          G=(none)  M=REALCVT    ACBP=28
 0000:1FC4 01C7 C=CODE   S=_TEXT          G=(none)  M=SCREEN     ACBP=28
 0000:218B 018E C=CODE   S=_TEXT          G=(none)  M=SCROLL     ACBP=28
 0000:2319 001C C=CODE   S=_TEXT          G=(none)  M=SETBLOCK   ACBP=28
 0000:2335 006A C=CODE   S=_TEXT          G=(none)  M=SETJMP     ACBP=28
 0000:239F 002C C=CODE   S=_TEXT          G=(none)  M=WHEREXY    ACBP=28
 0000:23CB 001D C=CODE   S=_TEXT          G=(none)  M=CHMODA     ACBP=28
 0000:23E8 0028 C=CODE   S=_TEXT          G=(none)  M=CLOSE      ACBP=28
 0000:2410 001E C=CODE   S=_TEXT          G=(none)  M=CLOSEA     ACBP=28
 0000:242E 00B8 C=CODE   S=_TEXT          G=(none)  M=FCLOSE     ACBP=28
 0000:24E6 00CD C=CODE   S=_TEXT          G=(none)  M=FFLUSH     ACBP=28
 0000:25B3 0042 C=CODE   S=_TEXT          G=(none)  M=FLUSHALL   ACBP=28
 0000:25F5 020C C=CODE   S=_TEXT          G=(none)  M=FOPEN      ACBP=28
 0000:2801 001C C=CODE   S=_TEXT          G=(none)  M=FPRINTF    ACBP=28
 0000:281D 01E2 C=CODE   S=_TEXT          G=(none)  M=FSEEK      ACBP=28
 0000:29FF 0024 C=CODE   S=_TEXT          G=(none)  M=MEMCPY     ACBP=28
 0000:2A23 019C C=CODE   S=_TEXT          G=(none)  M=OPEN       ACBP=28
 0000:2BBF 004F C=CODE   S=_TEXT          G=(none)  M=OPENA      ACBP=28
 0000:2C0E 03C8 C=CODE   S=_TEXT          G=(none)  M=PUTC       ACBP=28
 0000:2FD6 011D C=CODE   S=_TEXT          G=(none)  M=SETVBUF    ACBP=28
 0000:30F3 0083 C=CODE   S=_TEXT          G=(none)  M=SPRINTF    ACBP=28
 0000:3176 003F C=CODE   S=_TEXT          G=(none)  M=STRCAT     ACBP=28
 0000:31B5 001F C=CODE   S=_TEXT          G=(none)  M=STRLEN     ACBP=28
 0000:31D4 0151 C=CODE   S=_TEXT          G=(none)  M=WRITE      ACBP=28
 0000:3325 003C C=CODE   S=_TEXT          G=(none)  M=WRITEA     ACBP=28
 0000:3361 003D C=CODE   S=_TEXT          G=(none)  M=XFCLOSE    ACBP=28
 0000:339E 0038 C=CODE   S=_TEXT          G=(none)  M=XFFLUSH    ACBP=28
 033D:0006 048C C=CODE   S=TEST_TEXT      G=(none)  M=test.c     ACBP=28
 0386:0002 00D6 C=CODE   S=OS_CPU_A_TEXT  G=(none)  M=\SOFTWARE\uCOS-II\Ix86L\BC45\OS_CPU_A.ASM ACBP=48
 0393:0008 01D6 C=CODE   S=OS_CPU_C_TEXT  G=(none)  M=os_cpu_c.c ACBP=28
 03B0:000E 037D C=CODE   S=PC_TEXT        G=(none)  M=pc.c       ACBP=28
 03E8:000B 3A06 C=CODE   S=UCOS_II_TEXT   G=(none)  M=ucos_ii.c  ACBP=28
 078A:0000 0000 C=CODE   S=EMU_PROG       G=(none)  M=FPINIT     ACBP=68
 078A:0000 2777 C=CODE   S=EMU_PROG       G=(none)  M=EMU086     ACBP=68
 0A02:0000 0000 C=CODE   S=E87_PROG       G=(none)  M=FPINIT     ACBP=68
 0A02:0000 03E3 C=CODE   S=E87_PROG       G=(none)  M=EMU087     ACBP=68
 0A02:03F0 01D8 C=CODE   S=E87_PROG       G=(none)  M=E87TRAP    ACBP=68
 0A5F:0000 0000 C=FAR_DATA S=_FARDATA       G=(none)  M=c0.ASM     ACBP=68
 0A5F:0000 0000 C=FAR_BSS S=_FARBSS        G=(none)  M=c0.ASM     ACBP=68
 0A5F:0000 0000 C=OVRINFO S=_OVERLAY_      G=(none)  M=c0.ASM     ACBP=68
 0A5F:0000 0000 C=STUBSEG S=_1STUB_        G=(none)  M=c0.ASM     ACBP=68
 0A5F:0000 0093 C=DATA   S=_DATA          G=DGROUP  M=c0.ASM     ACBP=68
 0A5F:0094 0053 C=DATA   S=_DATA          G=DGROUP  M=test.c     ACBP=48
 0A5F:00E8 0000 C=DATA   S=_DATA          G=DGROUP  M=\SOFTWARE\uCOS-II\Ix86L\BC45\OS_CPU_A.ASM ACBP=48
 0A5F:00E8 0000 C=DATA   S=_DATA          G=DGROUP  M=os_cpu_c.c ACBP=48
 0A5F:00E8 001F C=DATA   S=_DATA          G=DGROUP  M=pc.c       ACBP=48
 0A5F:0108 01A4 C=DATA   S=_DATA          G=DGROUP  M=ucos_ii.c  ACBP=48
 0A5F:02B0 0002 C=DATA   S=_DATA          G=DGROUP  M=FPINIT     ACBP=68
 0A5F:02C0 0000 C=DATA   S=_DATA          G=DGROUP  M=E87TRAP    ACBP=68
 0A5F:02C0 0003 C=DATA   S=_DATA          G=DGROUP  M=PROTFLAG   ACBP=48
 0A5F:02C4 0002 C=DATA   S=_DATA          G=DGROUP  M=DEFLT87    ACBP=48
 0A5F:02C6 0000 C=DATA   S=_DATA          G=DGROUP  M=REALCVT    ACBP=48
 0A5F:02C6 0000 C=DATA   S=_DATA          G=DGROUP  M=XCVT       ACBP=48
 0A5F:02C6 009A C=DATA   S=_DATA          G=DGROUP  M=FPERR      ACBP=48
 0A5F:0360 0080 C=DATA   S=_DATA          G=DGROUP  M=_POW10     ACBP=48
 0A5F:03E0 0000 C=DATA   S=_DATA          G=DGROUP  M=POW10D     ACBP=48
 0A5F:03E0 0002 C=DATA   S=_DATA          G=DGROUP  M=ATEXIT     ACBP=48
 0A5F:03E2 0000 C=DATA   S=_DATA          G=DGROUP  M=DOSFATTR   ACBP=48
 0A5F:03E2 000C C=DATA   S=_DATA          G=DGROUP  M=EXIT       ACBP=48
 0A5F:03EE 0190 C=DATA   S=_DATA          G=DGROUP  M=FILES      ACBP=48
 0A5F:057E 002A C=DATA   S=_DATA          G=DGROUP  M=FILES2     ACBP=48
 0A5F:05A8 0004 C=DATA   S=_DATA          G=DGROUP  M=FMODE      ACBP=48
 0A5F:05AC 0002 C=DATA   S=_DATA          G=DGROUP  M=FPSTKLEN   ACBP=48
 0A5F:05AE 0000 C=DATA   S=_DATA          G=DGROUP  M=F_LXMUL    ACBP=48
 0A5F:05AE 0000 C=DATA   S=_DATA          G=DGROUP  M=GETDATE    ACBP=48
 0A5F:05AE 0000 C=DATA   S=_DATA          G=DGROUP  M=H_LDIV     ACBP=48
 0A5F:05AE 0000 C=DATA   S=_DATA          G=DGROUP  M=H_LLSH     ACBP=48
 0A5F:05AE 0000 C=DATA   S=_DATA          G=DGROUP  M=H_LURSH    ACBP=48
 0A5F:05AE 0000 C=DATA   S=_DATA          G=DGROUP  M=H_PADD     ACBP=48
 0A5F:05AE 005B C=DATA   S=_DATA          G=DGROUP  M=IOERROR    ACBP=48
 0A5F:060A 0000 C=DATA   S=_DATA          G=DGROUP  M=ISATTY     ACBP=48
 0A5F:060A 0000 C=DATA   S=_DATA          G=DGROUP  M=LONGTOA    ACBP=48
 0A5F:060A 0000 C=DATA   S=_DATA          G=DGROUP  M=LSEEK      ACBP=48
 0A5F:060A 0009 C=DATA   S=_DATA          G=DGROUP  M=MKNAME     ACBP=48
 0A5F:0614 0000 C=DATA   S=_DATA          G=DGROUP  M=N_PCMP     ACBP=48
 0A5F:0614 0000 C=DATA   S=_DATA          G=DGROUP  M=SETUPIO    ACBP=48
 0A5F:0614 0000 C=DATA   S=_DATA          G=DGROUP  M=SIGDATA    ACBP=48
 0A5F:0614 0002 C=DATA   S=_DATA          G=DGROUP  M=STKLEN     ACBP=48
 0A5F:0616 0000 C=DATA   S=_DATA          G=DGROUP  M=UNLINK     ACBP=48
 0A5F:0616 0067 C=DATA   S=_DATA          G=DGROUP  M=VPRINTER   ACBP=48
 0A5F:067E 0000 C=DATA   S=_DATA          G=DGROUP  M=VRAM       ACBP=48
 0A5F:067E 0002 C=DATA   S=_DATA          G=DGROUP  M=WSCROLL    ACBP=48
 0A5F:0680 0000 C=DATA   S=_DATA          G=DGROUP  M=_STPCPY    ACBP=48
 0A5F:0680 0000 C=DATA   S=_DATA          G=DGROUP  M=CPRINTF    ACBP=48
 0A5F:0680 0018 C=DATA   S=_DATA          G=DGROUP  M=CRTINIT    ACBP=48
 0A5F:0698 0031 C=DATA   S=_DATA          G=DGROUP  M=CVTFAK     ACBP=48
 0A5F:06CA 0000 C=DATA   S=_DATA          G=DGROUP  M=FARHEAP    ACBP=48
 0A5F:06CA 0002 C=DATA   S=_DATA          G=DGROUP  M=FBRK       ACBP=48
 0A5F:06CC 0000 C=DATA   S=_DATA          G=DGROUP  M=GETCH      ACBP=48
 0A5F:06CC 0000 C=DATA   S=_DATA          G=DGROUP  M=GPTEXT     ACBP=48
 0A5F:06CC 0000 C=DATA   S=_DATA          G=DGROUP  M=IOCTL      ACBP=48
 0A5F:06CC 0002 C=DATA   S=_DATA          G=DGROUP  M=KBHIT      ACBP=48
 0A5F:06CE 0000 C=DATA   S=_DATA          G=DGROUP  M=MOVETEXT   ACBP=48
 0A5F:06CE 0000 C=DATA   S=_DATA          G=DGROUP  M=PUTCH      ACBP=48
 0A5F:06CE 0000 C=DATA   S=_DATA          G=DGROUP  M=REALCVT    ACBP=48
 0A5F:06CE 0000 C=DATA   S=_DATA          G=DGROUP  M=SCREEN     ACBP=48
 0A5F:06CE 0000 C=DATA   S=_DATA          G=DGROUP  M=SCROLL     ACBP=48
 0A5F:06CE 0000 C=DATA   S=_DATA          G=DGROUP  M=SETBLOCK   ACBP=48
 0A5F:06CE 0000 C=DATA   S=_DATA          G=DGROUP  M=SETJMP     ACBP=48
 0A5F:06CE 0000 C=DATA   S=_DATA          G=DGROUP  M=WHEREXY    ACBP=48
 0A5F:06CE 0000 C=DATA   S=_DATA          G=DGROUP  M=CHMODA     ACBP=48
 0A5F:06CE 0000 C=DATA   S=_DATA          G=DGROUP  M=CLOSE      ACBP=48
 0A5F:06CE 0000 C=DATA   S=_DATA          G=DGROUP  M=CLOSEA     ACBP=48
 0A5F:06CE 0000 C=DATA   S=_DATA          G=DGROUP  M=FCLOSE     ACBP=48
 0A5F:06CE 0000 C=DATA   S=_DATA          G=DGROUP  M=FFLUSH     ACBP=48
 0A5F:06CE 0000 C=DATA   S=_DATA          G=DGROUP  M=FLUSHALL   ACBP=48
 0A5F:06CE 0000 C=DATA   S=_DATA          G=DGROUP  M=FOPEN      ACBP=48
 0A5F:06CE 0000 C=DATA   S=_DATA          G=DGROUP  M=FPRINTF    ACBP=48
 0A5F:06CE 0000 C=DATA   S=_DATA          G=DGROUP  M=FSEEK      ACBP=48
 0A5F:06CE 0000 C=DATA   S=_DATA          G=DGROUP  M=MEMCPY     ACBP=48
 0A5F:06CE 0000 C=DATA   S=_DATA          G=DGROUP  M=OPEN       ACBP=48
 0A5F:06CE 0000 C=DATA   S=_DATA          G=DGROUP  M=OPENA      ACBP=48
 0A5F:06CE 0001 C=DATA   S=_DATA          G=DGROUP  M=PUTC       ACBP=48
 0A5F:06D0 0004 C=DATA   S=_DATA          G=DGROUP  M=SETVBUF    ACBP=48
 0A5F:06D4 0000 C=DATA   S=_DATA          G=DGROUP  M=SPRINTF    ACBP=48
 0A5F:06D4 0000 C=DATA   S=_DATA          G=DGROUP  M=STRCAT     ACBP=48
 0A5F:06D4 0000 C=DATA   S=_DATA          G=DGROUP  M=STRLEN     ACBP=48
 0A5F:06D4 0000 C=DATA   S=_DATA          G=DGROUP  M=WRITE      ACBP=48
 0A5F:06D4 0000 C=DATA   S=_DATA          G=DGROUP  M=WRITEA     ACBP=48
 0A5F:06D4 0000 C=DATA   S=_DATA          G=DGROUP  M=XFCLOSE    ACBP=48
 0A5F:06D4 0000 C=DATA   S=_DATA          G=DGROUP  M=XFFLUSH    ACBP=48
 0A5F:06D4 0000 C=DATA   S=_CVTSEG        G=DGROUP  M=c0.ASM     ACBP=48
 0A5F:06D4 0002 C=DATA   S=_CVTSEG        G=DGROUP  M=REALCVT    ACBP=48
 0A5F:06D6 0002 C=DATA   S=_CVTSEG        G=DGROUP  M=CVTFAK     ACBP=48
 0A5F:06D8 0000 C=DATA   S=_CVTSEG        G=DGROUP  M=REALCVT    ACBP=48
 0A5F:06D8 0000 C=DATA   S=_SCNSEG        G=DGROUP  M=c0.ASM     ACBP=48
 0A5F:06D8 0006 C=DATA   S=_SCNSEG        G=DGROUP  M=CVTFAK     ACBP=48
 0A5F:06DE 0000 C=CONST  S=_CONST         G=DGROUP  M=c0.ASM     ACBP=48
 0A5F:06DE 0000 C=INITDATA S=_INIT_         G=DGROUP  M=c0.ASM     ACBP=48
 0A5F:06DE 0006 C=INITDATA S=_INIT_         G=DGROUP  M=FPINIT     ACBP=48
 0A5F:06E4 0006 C=INITDATA S=_INIT_         G=DGROUP  M=SETUPIO    ACBP=48
 0A5F:06EA 0006 C=INITDATA S=_INIT_         G=DGROUP  M=CRTINIT    ACBP=48
 0A5F:06F0 0000 C=INITDATA S=_INITEND_      G=DGROUP  M=c0.ASM     ACBP=28
 0A5F:06F0 0000 C=EXITDATA S=_EXIT_         G=DGROUP  M=c0.ASM     ACBP=48
 0A5F:06F0 0006 C=EXITDATA S=_EXIT_         G=DGROUP  M=FPINIT     ACBP=48
 0A5F:06F6 0000 C=EXITDATA S=_EXITEND_      G=DGROUP  M=c0.ASM     ACBP=28
 0A5F:06F6 0000 C=BSS    S=_BSS           G=DGROUP  M=c0.ASM     ACBP=48
 0A5F:06F6 4AB0 C=BSS    S=_BSS           G=DGROUP  M=test.c     ACBP=48
 0A5F:51A6 0001 C=BSS    S=_BSS           G=DGROUP  M=os_cpu_c.c ACBP=48
 0A5F:51A8 001B C=BSS    S=_BSS           G=DGROUP  M=pc.c       ACBP=48
 0A5F:51C4 0C72 C=BSS    S=_BSS           G=DGROUP  M=ucos_ii.c  ACBP=48
 0A5F:5E36 0000 C=BSS    S=_BSS           G=DGROUP  M=REALCVT    ACBP=48
 0A5F:5E36 0000 C=BSS    S=_BSS           G=DGROUP  M=XCVT       ACBP=48
 0A5F:5E36 0000 C=BSS    S=_BSS           G=DGROUP  M=_POW10     ACBP=48
 0A5F:5E36 0080 C=BSS    S=_BSS           G=DGROUP  M=ATEXIT     ACBP=48
 0A5F:5EB6 0000 C=BSS    S=_BSS           G=DGROUP  M=DOSFATTR   ACBP=48
 0A5F:5EB6 0000 C=BSS    S=_BSS           G=DGROUP  M=IOERROR    ACBP=48
 0A5F:5EB6 0000 C=BSS    S=_BSS           G=DGROUP  M=ISATTY     ACBP=48
 0A5F:5EB6 0000 C=BSS    S=_BSS           G=DGROUP  M=LONGTOA    ACBP=48
 0A5F:5EB6 0000 C=BSS    S=_BSS           G=DGROUP  M=LSEEK      ACBP=48
 0A5F:5EB6 000D C=BSS    S=_BSS           G=DGROUP  M=MKNAME     ACBP=48
 0A5F:5EC4 0000 C=BSS    S=_BSS           G=DGROUP  M=SETUPIO    ACBP=48
 0A5F:5EC4 0004 C=BSS    S=_BSS           G=DGROUP  M=SIGDATA    ACBP=48
 0A5F:5EC8 0000 C=BSS    S=_BSS           G=DGROUP  M=UNLINK     ACBP=48
 0A5F:5EC8 0000 C=BSS    S=_BSS           G=DGROUP  M=VPRINTER   ACBP=48
 0A5F:5EC8 0000 C=BSS    S=_BSS           G=DGROUP  M=VRAM       ACBP=48
 0A5F:5EC8 0000 C=BSS    S=_BSS           G=DGROUP  M=CRTINIT    ACBP=48
 0A5F:5EC8 0000 C=BSS    S=_BSS           G=DGROUP  M=GETCH      ACBP=48
 0A5F:5EC8 0000 C=BSS    S=_BSS           G=DGROUP  M=IOCTL      ACBP=48
 0A5F:5EC8 0000 C=BSS    S=_BSS           G=DGROUP  M=KBHIT      ACBP=48
 0A5F:5EC8 0000 C=BSS    S=_BSS           G=DGROUP  M=SETBLOCK   ACBP=48
 0A5F:5EC8 0000 C=BSS    S=_BSS           G=DGROUP  M=SETJMP     ACBP=48
 0A5F:5EC8 0000 C=BSS    S=_BSS           G=DGROUP  M=CHMODA     ACBP=48
 0A5F:5EC8 0000 C=BSS    S=_BSS           G=DGROUP  M=CLOSEA     ACBP=48
 0A5F:5EC8 0000 C=BSS    S=_BSS           G=DGROUP  M=MEMCPY     ACBP=48
 0A5F:5EC8 0000 C=BSS    S=_BSS           G=DGROUP  M=OPEN       ACBP=48
 0A5F:5EC8 0000 C=BSS    S=_BSS           G=DGROUP  M=OPENA      ACBP=48
 0A5F:5EC8 0001 C=BSS    S=_BSS           G=DGROUP  M=PUTC       ACBP=48
 0A5F:5ECA 0000 C=BSS    S=_BSS           G=DGROUP  M=STRCAT     ACBP=48
 0A5F:5ECA 0000 C=BSS    S=_BSS           G=DGROUP  M=STRLEN     ACBP=48
 0A5F:5ECA 0000 C=BSS    S=_BSS           G=DGROUP  M=WRITEA     ACBP=48
 0A5F:5ECA 0000 C=BSSEND S=_BSSEND        G=DGROUP  M=c0.ASM     ACBP=28
 104C:0000 0110 C=STACK  S=_STACK         G=(none)  M=c0.ASM     ACBP=74
 104C:0000 0080 C=STACK  S=_STACK         G=(none)  M=EMUVARS    ACBP=78

  Address         Publics by Name

 0A5F:0000 idle  DATASEG@
 0000:0291 idle  DGROUP@
 078A:2152       e086_Entry
 078A:26E0       e086_Shortcut
 0A02:0306       e087_Entry
 0A02:03C6       e087_Shortcut
 0A02:0430       e087_Trap
 0000:FE32 idle  FIARQQ
 0000:0E32 idle  FICRQQ
 0000:5C32  Abs  FIDRQQ
 0000:1632  Abs  FIERQQ
 0000:0632 idle  FISRQQ
 0000:A23D  Abs  FIWRQQ
 0000:4000 idle  FJARQQ
 0000:C000 idle  FJCRQQ
 0000:8000 idle  FJSRQQ
 0000:0B78 idle  F_LDIV@
 0000:0B87 idle  F_LMOD@
 0000:0B7F       F_LUDIV@
 0000:0B8F idle  F_LUMOD@
 0000:0C26       F_LXLSH@
 0000:0B38       F_LXMUL@
 0000:0C47       F_LXURSH@
 0000:0C68 idle  F_PADD@
 0000:0C97 idle  F_PSUB@
 0000:0B78 idle  LDIV@
 0000:0B87 idle  LMOD@
 0000:0B7F idle  LUDIV@
 0000:0B8F idle  LUMOD@
 0000:0C26 idle  LXLSH@
 0000:0B38 idle  LXMUL@
 0000:0C47 idle  LXURSH@
 0000:0B75 idle  N_LDIV@
 0000:0B84 idle  N_LMOD@
 0000:0B7C idle  N_LUDIV@
 0000:0B8C idle  N_LUMOD@
 0000:0C23       N_LXLSH@
 0000:0C44 idle  N_LXURSH@
 0000:0C65       N_PADD@
 0000:0EA2       N_PCMP@
 0000:0C94 idle  N_PSUB@
 0000:0C68 idle  PADD@
 0000:0C97 idle  PSUB@
 0000:027A       _abort
 0000:0A3B idle  _atexit
 0000:23E8       _close
 0000:1675 idle  _cprintf
 0A5F:170E       _CtxSwMessage
 0A5F:0094       _CtxSwMessageTop
 0A5F:068F       _directvideo
 0A5F:007F       _errno
 0000:0AFD       _exit
 0000:1995 idle  _farfree
 0000:1AA9 idle  _farmalloc
 0000:1C0D idle  _farrealloc
 0000:242E       _fclose
 0000:24E6       _fflush
 0000:25B3       _flushall
 0000:27CC       _fopen
 0000:2801       _fprintf
 0000:2C2A idle  _fputc
 0000:2DBF idle  _fputchar
 0000:1995       _free
 0000:289F       _fseek
 0000:291F idle  _ftell
 0000:1DC7       _getch
 0000:1DE3 idle  _getche
 0000:0B4F       _getdate
 0000:1E25       _gettext
 0000:0B62       _gettime
 0000:1ED1       _ioctl
 0000:0D10       _isatty
 0000:1EFA       _kbhit
 0000:236B       _longjmp
 0000:0DC3       _lseek
 033D:0006       _main
 0000:1A9F       _malloc
 0000:29FF       _memcpy
 0000:1F0C       _movetext
 0000:2A50       _open
 0A5F:5DF2       _OSCPUUsage
 0386:0020       _OSCtxSw
 0A5F:5E32       _OSCtxSwCtr
 0A5F:5E2E idle  _OSEventFreeList
 0A5F:5E1A idle  _OSEventTbl
 03E8:09DD idle  _OSFlagAccept
 03E8:0B0F idle  _OSFlagCreate
 03E8:0B87 idle  _OSFlagDel
 0A5F:5DF3 idle  _OSFlagFreeList
 03E8:0CC9 idle  _OSFlagPend
 03E8:0F23 idle  _OSFlagPost
 03E8:10C3 idle  _OSFlagQuery
 0A5F:5DF7 idle  _OSFlagTbl
 0A5F:59DB idle  _OSIdleCtr
 0A5F:5DEE idle  _OSIdleCtrMax
 0A5F:5DEA idle  _OSIdleCtrRun
 03E8:000B       _OSInit
 0393:0008       _OSInitHookBegin
 0393:0009       _OSInitHookEnd
 0386:005B       _OSIntCtxSw
 03E8:0043 idle  _OSIntEnter
 03E8:0056       _OSIntExit
 0A5F:59E7 idle  _OSIntExitY
 0A5F:59E8       _OSIntNesting
 0A5F:59E6 idle  _OSLockNesting
 0A5F:0108 idle  _OSMapTbl
 03E8:1353 idle  _OSMboxAccept
 03E8:139E idle  _OSMboxCreate
 03E8:1413 idle  _OSMboxDel
 03E8:1531 idle  _OSMboxPend
 03E8:1633 idle  _OSMboxPost
 03E8:16AB idle  _OSMboxPostOpt
 03E8:174E idle  _OSMboxQuery
 03E8:17DC idle  _OSMemCreate
 0A5F:5260 idle  _OSMemFreeList
 03E8:1927 idle  _OSMemGet
 03E8:19A5 idle  _OSMemPut
 03E8:1A15 idle  _OSMemQuery
 0A5F:51FC idle  _OSMemTbl
 03E8:1B62 idle  _OSMutexAccept
 03E8:1BED       _OSMutexCreate
 03E8:1CD3 idle  _OSMutexDel
 03E8:1E2D       _OSMutexPend
 03E8:202C       _OSMutexPost
 03E8:2317 idle  _OSMutexQuery
 0A5F:59E5       _OSPrioCur
 0A5F:59E4       _OSPrioHighRdy
 03E8:23CC idle  _OSQAccept
 03E8:246C idle  _OSQCreate
 03E8:258F idle  _OSQDel
 03E8:270C idle  _OSQFlush
 0A5F:51F8 idle  _OSQFreeList
 03E8:2764 idle  _OSQPend
 03E8:28AA idle  _OSQPost
 03E8:2972 idle  _OSQPostFront
 03E8:2A34 idle  _OSQPostOpt
 03E8:2B72 idle  _OSQQuery
 0A5F:51C8 idle  _OSQTbl
 0A5F:59E3 idle  _OSRdyGrp
 0A5F:59E1 idle  _OSRdyTbl
 0A5F:59E0       _OSRunning
 03E8:0116 idle  _OSSchedLock
 03E8:012C idle  _OSSchedUnlock
 03E8:2C97 idle  _OSSemAccept
 03E8:2CC9 idle  _OSSemCreate
 03E8:2D3D idle  _OSSemDel
 03E8:2E5B idle  _OSSemPend
 03E8:2F0B idle  _OSSemPost
 03E8:2F65 idle  _OSSemQuery
 03E8:0159       _OSStart
 0386:0002       _OSStartHighRdy
 03E8:01B8       _OSStatInit
 0A5F:5DE9 idle  _OSStatRdy
 03E8:2FEB idle  _OSTaskChangePrio
 03E8:31B7       _OSTaskCreate
 03E8:3274 idle  _OSTaskCreateExt
 0393:000A       _OSTaskCreateHook
 0A5F:59DF       _OSTaskCtr
 03E8:3364       _OSTaskDel
 0393:000F       _OSTaskDelHook
 03E8:3543 idle  _OSTaskDelReq
 0393:0014       _OSTaskIdleHook
 0A5F:55DB idle  _OSTaskIdleStk
 03E8:37C1 idle  _OSTaskQuery
 03E8:35AF idle  _OSTaskResume
 0393:0015       _OSTaskStatHook
 0A5F:59E9 idle  _OSTaskStatStk
 03E8:362E idle  _OSTaskStkChk
 0393:0016       _OSTaskStkInit
 0393:00FC idle  _OSTaskStkInit_FPE_x86
 03E8:3713 idle  _OSTaskSuspend
 0393:01D7       _OSTaskSwHook
 0A5F:55D7       _OSTCBCur
 0A5F:55D3 idle  _OSTCBFreeList
 0A5F:55CF       _OSTCBHighRdy
 0393:01D8       _OSTCBInitHook
 0A5F:55CB idle  _OSTCBList
 0A5F:5597 idle  _OSTCBPrioTbl
 0A5F:5264 idle  _OSTCBTbl
 0A5F:51A6       _OSTickDOSCtr
 0386:0088       _OSTickISR
 0A5F:51C4       _OSTime
 03E8:382F       _OSTimeDly
 03E8:3876       _OSTimeDlyHMSM
 03E8:3965 idle  _OSTimeDlyResume
 03E8:39DD idle  _OSTimeGet
 03E8:39FC       _OSTimeSet
 03E8:01F3       _OSTimeTick
 0393:01DD       _OSTimeTickHook
 0A5F:0110 idle  _OSUnMapTbl
 03E8:02FD       _OSVersion
 03E8:0301 idle  _OS_Dummy
 03E8:0302 idle  _OS_EventTaskRdy
 03E8:03CC idle  _OS_EventTaskWait
 03E8:0439 idle  _OS_EventTO
 03E8:048D idle  _OS_EventWaitListInit
 03E8:11E5 idle  _OS_FlagInit
 03E8:12A4 idle  _OS_FlagUnlink
 03E8:1ABE idle  _OS_MemInit
 03E8:2C47 idle  _OS_QInit
 03E8:0687 idle  _OS_Sched
 03E8:0735 idle  _OS_TaskIdle
 03E8:075A idle  _OS_TaskStat
 03E8:0826 idle  _OS_TCBInit
 03B0:000E idle  _PC_DispChar
 03B0:004C idle  _PC_DispClrCol
 03B0:0092 idle  _PC_DispClrRow
 03B0:00CB       _PC_DispClrScr
 03B0:00FC       _PC_DispStr
 03B0:014B       _PC_DOSReturn
 03B0:015F       _PC_DOSSaveReturn
 03B0:01CD idle  _PC_ElapsedInit
 03B0:01E1 idle  _PC_ElapsedStart
 03B0:0207 idle  _PC_ElapsedStop
 03B0:0258 idle  _PC_GetDateTime
 03B0:02AB       _PC_GetKey
 03B0:02D2       _PC_SetTickRate
 0A5F:51A8 idle  _PC_TickISR
 03B0:031F idle  _PC_VectGet
 03B0:0356       _PC_VectSet
 0000:0A30       _pow10
 0A5F:170A idle  _PrintCtxSwMbox
 033D:03DF idle  _PrintCtxSwMessage_DOS
 0000:1FA9       _putch
 0000:1E7B       _puttext
 0A5F:1706 idle  _R1
 0A5F:1702 idle  _R2
 0000:1C06 idle  _realloc
 033D:0423 idle  _SaveCtxSwMessage_ToFile
 0000:2319       _setblock
 0000:2335       _setjmp
 0000:2FD6       _setvbuf
 0000:3133       _sprintf
 0000:3176       _strcat
 0000:31B5       _strlen
 033D:025E idle  _Task1
 033D:031F idle  _Task2
 0A5F:06F6 idle  _TaskData
 033D:0049 idle  _TaskStart
 0A5F:0702 idle  _TaskStartStk
 0A5F:0B02 idle  _TaskStk
 0A5F:0096       _TimeStart
 0000:1E07 idle  _ungetch
 0000:0F7D       _unlink
 0000:3155 idle  _vsprintf
 0000:23A9 idle  _wherex
 0000:23B8 idle  _wherey
 0A5F:02B0       __8087
 0000:1000 idle  __AHINCR
 0000:000C idle  __AHSHIFT
 0A5F:03E0       __atexitcnt
 0A5F:5E36       __atexittbl
 0000:1CFD       __brk
 0A5F:008B       __brklvl
 0A5F:006B idle  __C0argc
 0A5F:006D idle  __C0argv
 0000:1757 idle  __c0crtinit
 0A5F:0071 idle  __C0environ
 0A5F:06CD       __cChar
 0000:0B1E idle  __cexit
 0A5F:06CC       __cFlag
 0000:016A       __checknull
 0000:23CB       __chmod
 0000:0157       __cleanup
 0000:2410       __close
 0000:1543       __CPUTN
 0000:1774 idle  __crtinit
 0000:0000  Abs  __cvtfak
 0000:0B2C idle  __c_exit
 0A5F:02C4       __default87
 0A5F:05AE       __doserrno
 0000:0CFE       __DOSERROR
 0A5F:05B0 idle  __dosErrorToSV
 0000:0A68       __dos_getfileattr
 0000:0A88 idle  __dos_setfileattr
 104C:0000       __emu
 0A5F:0075 idle  __envLng
 0A5F:0077 idle  __envseg
 0A5F:0079 idle  __envSize
 0000:0B0C       __exit
 0A5F:03E2       __exitbuf
 0A5F:03E6       __exitfopen
 0A5F:03EA idle  __exitopen
 0A5F:05A8       __fmode
 0000:08B6       __fperror
 0A5F:05AC       __fpstklen
 0000:04E9       __fpuint
 0000:2C0E idle  __fputc
 0000:2DD3       __FPUTN
 0000:2782 idle  __GETFP
 0A5F:0087       __heapbase
 0A5F:008F       __heaptop
 0A5F:005B idle  __Int0Vector
 0A5F:005F idle  __Int4Vector
 0A5F:0063 idle  __Int5Vector
 0A5F:0067 idle  __Int6Vector
 0000:0CC5       __IOERROR
 0A5F:02C1       __LDT
 0000:0D21       __LONGTOA
 0000:0DEC       __MKNAME
 0000:0293 idle  __MMODEL
 0A5F:057E       __nfile
 0000:1DE0 idle  __Ngetche
 0A5F:05AA       __notUmask
 0000:1E04 idle  __Nungetch
 0000:2BBF       __open
 0A5F:0580       __openfd
 0000:26B1 idle  __OPENFP
 0A5F:007D idle  __osmajor
 0A5F:007E idle  __osminor
 0A5F:007D idle  __osversion
 0000:0967       __POW10
 0A5F:02C0       __protected
 0A5F:007B       __psp
 0000:1FC0       __REALCVT
 0A5F:06D4       __RealCvtVector
 0000:01C0       __restorezero
 0000:1D3C       __sbrk
 0A5F:06D8 idle  __ScanTodVector
 0000:20FA       __SCREENIO
 0000:21AD       __SCROLL
 0000:0EC3       __setupio
 0A5F:0081 idle  __StartTime
 0A5F:0614       __stklen
 0000:150F       __stpcpy
 0A5F:03EE       __streams
 0000:016B       __terminate
 0000:0E49 idle  __TMPNAM
 0000:0000 idle  __turboCrt
 0000:0000  Abs  __turboCvt
 0000:0DA3       __UTOA
 0000:2136       __VALIDATEXY
 0A5F:007D       __version
 0A5F:0680       __video
 0000:16CC       __VideoInt
 0000:0FAD       __VPRINTER
 0000:1470       __VPTR
 0000:1495       __VRAM
 0000:239F       __wherexy
 0000:3325       __write
 0A5F:067E       __wscroll
 0000:06AA       __XCVT
 0000:3361       __xfclose
 0000:339E       __xfflush
 0A5F:0085 idle  ___brklvl
 0000:1855 idle  ___first
 0000:0402 idle  ___fpreset
 0000:1857 idle  ___last
 0000:1859 idle  ___rover
 0A5F:5EC4       ___SignalPtr
 0000:31D4       ___write

  Address         Publics by Value

 0000:0000  Abs  __turboCvt
 0000:0000 idle  __turboCrt
 0000:0000  Abs  __cvtfak
 0000:000C idle  __AHSHIFT
 0000:0157       __cleanup
 0000:016A       __checknull
 0000:016B       __terminate
 0000:01C0       __restorezero
 0000:027A       _abort
 0000:0291 idle  DGROUP@
 0000:0293 idle  __MMODEL
 0000:0402 idle  ___fpreset
 0000:04E9       __fpuint
 0000:0632 idle  FISRQQ
 0000:06AA       __XCVT
 0000:08B6       __fperror
 0000:0967       __POW10
 0000:0A30       _pow10
 0000:0A3B idle  _atexit
 0000:0A68       __dos_getfileattr
 0000:0A88 idle  __dos_setfileattr
 0000:0AFD       _exit
 0000:0B0C       __exit
 0000:0B1E idle  __cexit
 0000:0B2C idle  __c_exit
 0000:0B38       F_LXMUL@
 0000:0B38 idle  LXMUL@
 0000:0B4F       _getdate
 0000:0B62       _gettime
 0000:0B75 idle  N_LDIV@
 0000:0B78 idle  LDIV@
 0000:0B78 idle  F_LDIV@
 0000:0B7C idle  N_LUDIV@
 0000:0B7F       F_LUDIV@
 0000:0B7F idle  LUDIV@
 0000:0B84 idle  N_LMOD@
 0000:0B87 idle  F_LMOD@
 0000:0B87 idle  LMOD@
 0000:0B8C idle  N_LUMOD@
 0000:0B8F idle  LUMOD@
 0000:0B8F idle  F_LUMOD@
 0000:0C23       N_LXLSH@
 0000:0C26       F_LXLSH@
 0000:0C26 idle  LXLSH@
 0000:0C44 idle  N_LXURSH@
 0000:0C47       F_LXURSH@
 0000:0C47 idle  LXURSH@
 0000:0C65       N_PADD@
 0000:0C68 idle  F_PADD@
 0000:0C68 idle  PADD@
 0000:0C94 idle  N_PSUB@
 0000:0C97 idle  F_PSUB@
 0000:0C97 idle  PSUB@
 0000:0CC5       __IOERROR
 0000:0CFE       __DOSERROR
 0000:0D10       _isatty
 0000:0D21       __LONGTOA
 0000:0DA3       __UTOA
 0000:0DC3       _lseek
 0000:0DEC       __MKNAME
 0000:0E32 idle  FICRQQ
 0000:0E49 idle  __TMPNAM
 0000:0EA2       N_PCMP@
 0000:0EC3       __setupio
 0000:0F7D       _unlink
 0000:0FAD       __VPRINTER
 0000:1000 idle  __AHINCR
 0000:1470       __VPTR
 0000:1495       __VRAM
 0000:150F       __stpcpy
 0000:1543       __CPUTN
 0000:1632  Abs  FIERQQ
 0000:1675 idle  _cprintf
 0000:16CC       __VideoInt
 0000:1757 idle  __c0crtinit
 0000:1774 idle  __crtinit
 0000:1855 idle  ___first
 0000:1857 idle  ___last
 0000:1859 idle  ___rover
 0000:1995       _free
 0000:1995 idle  _farfree
 0000:1A9F       _malloc
 0000:1AA9 idle  _farmalloc
 0000:1C06 idle  _realloc
 0000:1C0D idle  _farrealloc
 0000:1CFD       __brk
 0000:1D3C       __sbrk
 0000:1DC7       _getch
 0000:1DE0 idle  __Ngetche
 0000:1DE3 idle  _getche
 0000:1E04 idle  __Nungetch
 0000:1E07 idle  _ungetch
 0000:1E25       _gettext
 0000:1E7B       _puttext
 0000:1ED1       _ioctl
 0000:1EFA       _kbhit
 0000:1F0C       _movetext
 0000:1FA9       _putch
 0000:1FC0       __REALCVT
 0000:20FA       __SCREENIO
 0000:2136       __VALIDATEXY
 0000:21AD       __SCROLL
 0000:2319       _setblock
 0000:2335       _setjmp
 0000:236B       _longjmp
 0000:239F       __wherexy
 0000:23A9 idle  _wherex
 0000:23B8 idle  _wherey
 0000:23CB       __chmod
 0000:23E8       _close
 0000:2410       __close
 0000:242E       _fclose
 0000:24E6       _fflush
 0000:25B3       _flushall
 0000:26B1 idle  __OPENFP
 0000:2782 idle  __GETFP
 0000:27CC       _fopen
 0000:2801       _fprintf
 0000:289F       _fseek
 0000:291F idle  _ftell
 0000:29FF       _memcpy
 0000:2A50       _open
 0000:2BBF       __open
 0000:2C0E idle  __fputc
 0000:2C2A idle  _fputc
 0000:2DBF idle  _fputchar
 0000:2DD3       __FPUTN
 0000:2FD6       _setvbuf
 0000:3133       _sprintf
 0000:3155 idle  _vsprintf
 0000:3176       _strcat
 0000:31B5       _strlen
 0000:31D4       ___write
 0000:3325       __write
 0000:3361       __xfclose
 0000:339E       __xfflush
 0000:4000 idle  FJARQQ
 0000:5C32  Abs  FIDRQQ
 0000:8000 idle  FJSRQQ
 0000:A23D  Abs  FIWRQQ
 0000:C000 idle  FJCRQQ
 0000:FE32 idle  FIARQQ
 033D:0006       _main
 033D:0049 idle  _TaskStart
 033D:025E idle  _Task1
 033D:031F idle  _Task2
 033D:03DF idle  _PrintCtxSwMessage_DOS
 033D:0423 idle  _SaveCtxSwMessage_ToFile
 0386:0002       _OSStartHighRdy
 0386:0020       _OSCtxSw
 0386:005B       _OSIntCtxSw
 0386:0088       _OSTickISR
 0393:0008       _OSInitHookBegin
 0393:0009       _OSInitHookEnd
 0393:000A       _OSTaskCreateHook
 0393:000F       _OSTaskDelHook
 0393:0014       _OSTaskIdleHook
 0393:0015       _OSTaskStatHook
 0393:0016       _OSTaskStkInit
 0393:00FC idle  _OSTaskStkInit_FPE_x86
 0393:01D7       _OSTaskSwHook
 0393:01D8       _OSTCBInitHook
 0393:01DD       _OSTimeTickHook
 03B0:000E idle  _PC_DispChar
 03B0:004C idle  _PC_DispClrCol
 03B0:0092 idle  _PC_DispClrRow
 03B0:00CB       _PC_DispClrScr
 03B0:00FC       _PC_DispStr
 03B0:014B       _PC_DOSReturn
 03B0:015F       _PC_DOSSaveReturn
 03B0:01CD idle  _PC_ElapsedInit
 03B0:01E1 idle  _PC_ElapsedStart
 03B0:0207 idle  _PC_ElapsedStop
 03B0:0258 idle  _PC_GetDateTime
 03B0:02AB       _PC_GetKey
 03B0:02D2       _PC_SetTickRate
 03B0:031F idle  _PC_VectGet
 03B0:0356       _PC_VectSet
 03E8:000B       _OSInit
 03E8:0043 idle  _OSIntEnter
 03E8:0056       _OSIntExit
 03E8:0116 idle  _OSSchedLock
 03E8:012C idle  _OSSchedUnlock
 03E8:0159       _OSStart
 03E8:01B8       _OSStatInit
 03E8:01F3       _OSTimeTick
 03E8:02FD       _OSVersion
 03E8:0301 idle  _OS_Dummy
 03E8:0302 idle  _OS_EventTaskRdy
 03E8:03CC idle  _OS_EventTaskWait
 03E8:0439 idle  _OS_EventTO
 03E8:048D idle  _OS_EventWaitListInit
 03E8:0687 idle  _OS_Sched
 03E8:0735 idle  _OS_TaskIdle
 03E8:075A idle  _OS_TaskStat
 03E8:0826 idle  _OS_TCBInit
 03E8:09DD idle  _OSFlagAccept
 03E8:0B0F idle  _OSFlagCreate
 03E8:0B87 idle  _OSFlagDel
 03E8:0CC9 idle  _OSFlagPend
 03E8:0F23 idle  _OSFlagPost
 03E8:10C3 idle  _OSFlagQuery
 03E8:11E5 idle  _OS_FlagInit
 03E8:12A4 idle  _OS_FlagUnlink
 03E8:1353 idle  _OSMboxAccept
 03E8:139E idle  _OSMboxCreate
 03E8:1413 idle  _OSMboxDel
 03E8:1531 idle  _OSMboxPend
 03E8:1633 idle  _OSMboxPost
 03E8:16AB idle  _OSMboxPostOpt
 03E8:174E idle  _OSMboxQuery
 03E8:17DC idle  _OSMemCreate
 03E8:1927 idle  _OSMemGet
 03E8:19A5 idle  _OSMemPut
 03E8:1A15 idle  _OSMemQuery
 03E8:1ABE idle  _OS_MemInit
 03E8:1B62 idle  _OSMutexAccept
 03E8:1BED       _OSMutexCreate
 03E8:1CD3 idle  _OSMutexDel
 03E8:1E2D       _OSMutexPend
 03E8:202C       _OSMutexPost
 03E8:2317 idle  _OSMutexQuery
 03E8:23CC idle  _OSQAccept
 03E8:246C idle  _OSQCreate
 03E8:258F idle  _OSQDel
 03E8:270C idle  _OSQFlush
 03E8:2764 idle  _OSQPend
 03E8:28AA idle  _OSQPost
 03E8:2972 idle  _OSQPostFront
 03E8:2A34 idle  _OSQPostOpt
 03E8:2B72 idle  _OSQQuery
 03E8:2C47 idle  _OS_QInit
 03E8:2C97 idle  _OSSemAccept
 03E8:2CC9 idle  _OSSemCreate
 03E8:2D3D idle  _OSSemDel
 03E8:2E5B idle  _OSSemPend
 03E8:2F0B idle  _OSSemPost
 03E8:2F65 idle  _OSSemQuery
 03E8:2FEB idle  _OSTaskChangePrio
 03E8:31B7       _OSTaskCreate
 03E8:3274 idle  _OSTaskCreateExt
 03E8:3364       _OSTaskDel
 03E8:3543 idle  _OSTaskDelReq
 03E8:35AF idle  _OSTaskResume
 03E8:362E idle  _OSTaskStkChk
 03E8:3713 idle  _OSTaskSuspend
 03E8:37C1 idle  _OSTaskQuery
 03E8:382F       _OSTimeDly
 03E8:3876       _OSTimeDlyHMSM
 03E8:3965 idle  _OSTimeDlyResume
 03E8:39DD idle  _OSTimeGet
 03E8:39FC       _OSTimeSet
 078A:2152       e086_Entry
 078A:26E0       e086_Shortcut
 0A02:0306       e087_Entry
 0A02:03C6       e087_Shortcut
 0A02:0430       e087_Trap
 0A5F:0000 idle  DATASEG@
 0A5F:005B idle  __Int0Vector
 0A5F:005F idle  __Int4Vector
 0A5F:0063 idle  __Int5Vector
 0A5F:0067 idle  __Int6Vector
 0A5F:006B idle  __C0argc
 0A5F:006D idle  __C0argv
 0A5F:0071 idle  __C0environ
 0A5F:0075 idle  __envLng
 0A5F:0077 idle  __envseg
 0A5F:0079 idle  __envSize
 0A5F:007B       __psp
 0A5F:007D idle  __osversion
 0A5F:007D idle  __osmajor
 0A5F:007D       __version
 0A5F:007E idle  __osminor
 0A5F:007F       _errno
 0A5F:0081 idle  __StartTime
 0A5F:0085 idle  ___brklvl
 0A5F:0087       __heapbase
 0A5F:008B       __brklvl
 0A5F:008F       __heaptop
 0A5F:0094       _CtxSwMessageTop
 0A5F:0096       _TimeStart
 0A5F:0108 idle  _OSMapTbl
 0A5F:0110 idle  _OSUnMapTbl
 0A5F:02B0       __8087
 0A5F:02C0       __protected
 0A5F:02C1       __LDT
 0A5F:02C4       __default87
 0A5F:03E0       __atexitcnt
 0A5F:03E2       __exitbuf
 0A5F:03E6       __exitfopen
 0A5F:03EA idle  __exitopen
 0A5F:03EE       __streams
 0A5F:057E       __nfile
 0A5F:0580       __openfd
 0A5F:05A8       __fmode
 0A5F:05AA       __notUmask
 0A5F:05AC       __fpstklen
 0A5F:05AE       __doserrno
 0A5F:05B0 idle  __dosErrorToSV
 0A5F:0614       __stklen
 0A5F:067E       __wscroll
 0A5F:0680       __video
 0A5F:068F       _directvideo
 0A5F:06CC       __cFlag
 0A5F:06CD       __cChar
 0A5F:06D4       __RealCvtVector
 0A5F:06D8 idle  __ScanTodVector
 0A5F:06F6 idle  _TaskData
 0A5F:0702 idle  _TaskStartStk
 0A5F:0B02 idle  _TaskStk
 0A5F:1702 idle  _R2
 0A5F:1706 idle  _R1
 0A5F:170A idle  _PrintCtxSwMbox
 0A5F:170E       _CtxSwMessage
 0A5F:51A6       _OSTickDOSCtr
 0A5F:51A8 idle  _PC_TickISR
 0A5F:51C4       _OSTime
 0A5F:51C8 idle  _OSQTbl
 0A5F:51F8 idle  _OSQFreeList
 0A5F:51FC idle  _OSMemTbl
 0A5F:5260 idle  _OSMemFreeList
 0A5F:5264 idle  _OSTCBTbl
 0A5F:5597 idle  _OSTCBPrioTbl
 0A5F:55CB idle  _OSTCBList
 0A5F:55CF       _OSTCBHighRdy
 0A5F:55D3 idle  _OSTCBFreeList
 0A5F:55D7       _OSTCBCur
 0A5F:55DB idle  _OSTaskIdleStk
 0A5F:59DB idle  _OSIdleCtr
 0A5F:59DF       _OSTaskCtr
 0A5F:59E0       _OSRunning
 0A5F:59E1 idle  _OSRdyTbl
 0A5F:59E3 idle  _OSRdyGrp
 0A5F:59E4       _OSPrioHighRdy
 0A5F:59E5       _OSPrioCur
 0A5F:59E6 idle  _OSLockNesting
 0A5F:59E7 idle  _OSIntExitY
 0A5F:59E8       _OSIntNesting
 0A5F:59E9 idle  _OSTaskStatStk
 0A5F:5DE9 idle  _OSStatRdy
 0A5F:5DEA idle  _OSIdleCtrRun
 0A5F:5DEE idle  _OSIdleCtrMax
 0A5F:5DF2       _OSCPUUsage
 0A5F:5DF3 idle  _OSFlagFreeList
 0A5F:5DF7 idle  _OSFlagTbl
 0A5F:5E1A idle  _OSEventTbl
 0A5F:5E2E idle  _OSEventFreeList
 0A5F:5E32       _OSCtxSwCtr
 0A5F:5E36       __atexittbl
 0A5F:5EC4       ___SignalPtr
 104C:0000       __emu

Program entry point at 0000:0000

